E:/Develop/a_PYRo/PYRo-wl/PYRo-wl_2027/PYRo-wl_2027/PYRo/Device/BMI088/BMI088_driver.cpp:113:9:uint8_t BMI088_init(SPI_HandleTypeDef*, const bmi088_config_t*, IMU_Data_t*)	24	static
E:/Develop/a_PYRo/PYRo-wl/PYRo-wl_2027/PYRo-wl_2027/PYRo/Device/BMI088/BMI088_driver.cpp:136:6:void Calibrate_MPU_Offset(const bmi088_config_t*, IMU_Data_t*)	72	static
E:/Develop/a_PYRo/PYRo-wl/PYRo-wl_2027/PYRo-wl_2027/PYRo/Device/BMI088/BMI088_driver.cpp:257:9:uint8_t bmi088_accel_init()	8	static
E:/Develop/a_PYRo/PYRo-wl/PYRo-wl_2027/PYRo-wl_2027/PYRo/Device/BMI088/BMI088_driver.cpp:303:9:uint8_t bmi088_gyro_init()	8	static
E:/Develop/a_PYRo/PYRo-wl/PYRo-wl_2027/PYRo-wl_2027/PYRo/Device/BMI088/BMI088_driver.cpp:345:6:void BMI088_Read(IMU_Data_t*)	16	static
E:/Develop/a_PYRo/PYRo-wl/PYRo-wl_2027/PYRo-wl_2027/PYRo/Device/BMI088/BMI088_driver.cpp:395:13:void BMI088_write_single_reg(uint8_t, uint8_t)	16	static
E:/Develop/a_PYRo/PYRo-wl/PYRo-wl_2027/PYRo-wl_2027/PYRo/Device/BMI088/BMI088_driver.cpp:401:13:void BMI088_read_single_reg(uint8_t, uint8_t*)	16	static
E:/Develop/a_PYRo/PYRo-wl/PYRo-wl_2027/PYRo-wl_2027/PYRo/Device/BMI088/BMI088_driver.cpp:420:13:void BMI088_read_muli_reg(uint8_t, uint8_t*, uint8_t)	16	static
