E:/Develop/a_PYRo/PYRo-wl/PYRo-wl_2027/PYRo-wl_2027/PYRo/Peripheral/CAN/pyro_bsp_can.cpp:17:12:static pyro::can_drv_t& pyro::bsp_can::get_can1()	8	static
E:/Develop/a_PYRo/PYRo-wl/PYRo-wl_2027/PYRo-wl_2027/PYRo/Peripheral/CAN/pyro_bsp_can.cpp:23:12:static pyro::can_drv_t& pyro::bsp_can::get_can2()	8	static
E:/Develop/a_PYRo/PYRo-wl/PYRo-wl_2027/PYRo-wl_2027/PYRo/Peripheral/CAN/pyro_bsp_can.cpp:29:12:static pyro::can_drv_t& pyro::bsp_can::get_can3()	8	static
E:/Develop/a_PYRo/PYRo-wl/PYRo-wl_2027/PYRo-wl_2027/PYRo/Peripheral/CAN/pyro_bsp_can.cpp:35:12:static pyro::can_drv_t* pyro::bsp_can::get_can(which_can)	16	static
E:/Develop/a_PYRo/PYRo-wl/PYRo-wl_2027/PYRo-wl_2027/PYRo/Peripheral/CAN/pyro_bsp_can.cpp:50:10:static pyro::status_t pyro::bsp_can::init_all()	8	static
