E:/Develop/a_PYRo/PYRo-wl/PYRo-wl_2027/PYRo-wl_2027/PYRo/Peripheral/CAN/pyro_can_drv.cpp:15:6:void pyro::{anonymous}::abort_pending_tx(FDCAN_HandleTypeDef*)	24	static
E:/Develop/a_PYRo/PYRo-wl/PYRo-wl_2027/PYRo-wl_2027/PYRo/Peripheral/CAN/pyro_can_drv.cpp:25:10:pyro::status_t pyro::{anonymous}::reactivate_can_notifications(FDCAN_HandleTypeDef*)	16	static
E:/Develop/a_PYRo/PYRo-wl/PYRo-wl_2027/PYRo-wl_2027/PYRo/Peripheral/CAN/pyro_can_drv.cpp:33:10:pyro::status_t pyro::{anonymous}::recover_bus_off(FDCAN_HandleTypeDef*)	64	static
E:/Develop/a_PYRo/PYRo-wl/PYRo-wl_2027/PYRo-wl_2027/PYRo/Peripheral/CAN/pyro_can_drv.cpp:62:1:pyro::can_msg_buffer_t::can_msg_buffer_t(uint32_t)	16	static
E:/Develop/a_PYRo/PYRo-wl/PYRo-wl_2027/PYRo-wl_2027/PYRo/Peripheral/CAN/pyro_can_drv.cpp:67:1:pyro::can_msg_buffer_t::~can_msg_buffer_t()	16	static
E:/Develop/a_PYRo/PYRo-wl/PYRo-wl_2027/PYRo-wl_2027/PYRo/Peripheral/CAN/pyro_can_drv.cpp:69:10:uint32_t pyro::can_msg_buffer_t::get_id() const	16	static
E:/Develop/a_PYRo/PYRo-wl/PYRo-wl_2027/PYRo-wl_2027/PYRo/Peripheral/CAN/pyro_can_drv.cpp:74:6:bool pyro::can_msg_buffer_t::is_fresh() const	16	static
E:/Develop/a_PYRo/PYRo-wl/PYRo-wl_2027/PYRo-wl_2027/PYRo/Peripheral/CAN/pyro_can_drv.cpp:79:6:void pyro::can_msg_buffer_t::mark_read()	16	static
E:/Develop/a_PYRo/PYRo-wl/PYRo-wl_2027/PYRo-wl_2027/PYRo/Peripheral/CAN/pyro_can_drv.cpp:84:12:TickType_t pyro::can_msg_buffer_t::get_last_update_time() const	16	static
E:/Develop/a_PYRo/PYRo-wl/PYRo-wl_2027/PYRo-wl_2027/PYRo/Peripheral/CAN/pyro_can_drv.cpp:90:1:void pyro::can_msg_buffer_t::update_data(const uint8_t*)	40	static
E:/Develop/a_PYRo/PYRo-wl/PYRo-wl_2027/PYRo-wl_2027/PYRo/Peripheral/CAN/pyro_can_drv.cpp:101:6:bool pyro::can_msg_buffer_t::get_data(std::array<unsigned char, 8>&) const	32	static
E:/Develop/a_PYRo/PYRo-wl/PYRo-wl_2027/PYRo-wl_2027/PYRo/Peripheral/CAN/pyro_can_drv.cpp:114:1:pyro::can_drv_t::can_drv_t(FDCAN_HandleTypeDef*)	24	static
E:/Develop/a_PYRo/PYRo-wl/PYRo-wl_2027/PYRo-wl_2027/PYRo/Peripheral/CAN/pyro_can_drv.cpp:120:1:pyro::can_drv_t::~can_drv_t()	16	static
E:/Develop/a_PYRo/PYRo-wl/PYRo-wl_2027/PYRo-wl_2027/PYRo/Peripheral/CAN/pyro_can_drv.cpp:125:44:static pyro::map_t<FDCAN_HandleTypeDef*, pyro::can_drv_t*>& pyro::can_drv_t::can_map()	8	static
E:/Develop/a_PYRo/PYRo-wl/PYRo-wl_2027/PYRo-wl_2027/PYRo/Peripheral/CAN/pyro_can_drv.cpp:131:16:pyro::status_t pyro::can_drv_t::init() const	56	static
E:/Develop/a_PYRo/PYRo-wl/PYRo-wl_2027/PYRo-wl_2027/PYRo/Peripheral/CAN/pyro_can_drv.cpp:153:16:pyro::status_t pyro::can_drv_t::start() const	16	static
E:/Develop/a_PYRo/PYRo-wl/PYRo-wl_2027/PYRo-wl_2027/PYRo/Peripheral/CAN/pyro_can_drv.cpp:161:16:pyro::status_t pyro::can_drv_t::send_msg(uint32_t, const uint8_t*) const	64	static
E:/Develop/a_PYRo/PYRo-wl/PYRo-wl_2027/PYRo-wl_2027/PYRo/Peripheral/CAN/pyro_can_drv.cpp:215:16:pyro::status_t pyro::can_drv_t::register_rx_msg(pyro::can_msg_buffer_t*)	32	static
E:/Develop/a_PYRo/PYRo-wl/PYRo-wl_2027/PYRo-wl_2027/PYRo/Peripheral/CAN/pyro_can_drv.cpp:232:1:pyro::status_t pyro::can_drv_t::handle_rx_msg(uint32_t, const uint8_t*)	32	static
E:/Develop/a_PYRo/PYRo-wl/PYRo-wl_2027/PYRo-wl_2027/PYRo/Peripheral/CAN/pyro_can_drv.cpp:251:1:void can_global_handle(FDCAN_HandleTypeDef*, uint32_t, const uint8_t*)	32	static
E:/Develop/a_PYRo/PYRo-wl/PYRo-wl_2027/PYRo-wl_2027/PYRo/Peripheral/CAN/pyro_can_drv.cpp:262:1:void HAL_FDCAN_RxFifo0Callback(FDCAN_HandleTypeDef*, uint32_t)	64	static
E:/Develop/arm_gnu/14.3 rel1/arm-none-eabi/include/c++/14.3.1/array:287:7:constexpr const std::array<_Tp, _Nm>::value_type* std::array<_Tp, _Nm>::data() const [with _Tp = unsigned char; unsigned int _Nm = 8]	16	static
E:/Develop/a_PYRo/PYRo-wl/PYRo-wl_2027/PYRo-wl_2027/PYRo/Core/ETL/map.h:13:5:pyro::map_t<K, V>::map_t() [with K = long unsigned int; V = pyro::can_msg_buffer_t*]	16	static
E:/Develop/a_PYRo/PYRo-wl/PYRo-wl_2027/PYRo-wl_2027/PYRo/Core/ETL/map.h:18:5:pyro::map_t<K, V>::~map_t() [with K = long unsigned int; V = pyro::can_msg_buffer_t*]	16	static
E:/Develop/a_PYRo/PYRo-wl/PYRo-wl_2027/PYRo-wl_2027/PYRo/Core/ETL/map.h:80:10:void pyro::map_t<K, V>::clear() [with K = long unsigned int; V = pyro::can_msg_buffer_t*]	16	static
E:/Develop/a_PYRo/PYRo-wl/PYRo-wl_2027/PYRo-wl_2027/PYRo/Core/ETL/map.h:23:8:V& pyro::map_t<K, V>::operator[](const K&) [with K = FDCAN_HandleTypeDef*; V = pyro::can_drv_t*]	24	static
E:/Develop/a_PYRo/PYRo-wl/PYRo-wl_2027/PYRo-wl_2027/PYRo/Core/ETL/map.h:85:10:void pyro::map_t<K, V>::erase(const K&) [with K = FDCAN_HandleTypeDef*; V = pyro::can_drv_t*]	32	static
E:/Develop/a_PYRo/PYRo-wl/PYRo-wl_2027/PYRo-wl_2027/PYRo/Core/ETL/map.h:13:5:pyro::map_t<K, V>::map_t() [with K = FDCAN_HandleTypeDef*; V = pyro::can_drv_t*]	16	static
E:/Develop/a_PYRo/PYRo-wl/PYRo-wl_2027/PYRo-wl_2027/PYRo/Core/ETL/map.h:18:5:pyro::map_t<K, V>::~map_t() [with K = FDCAN_HandleTypeDef*; V = pyro::can_drv_t*]	16	static
E:/Develop/a_PYRo/PYRo-wl/PYRo-wl_2027/PYRo-wl_2027/PYRo/Core/ETL/map.h:63:10:bool pyro::map_t<K, V>::exist(const K&) [with K = long unsigned int; V = pyro::can_msg_buffer_t*]	16	static
E:/Develop/a_PYRo/PYRo-wl/PYRo-wl_2027/PYRo-wl_2027/PYRo/Core/ETL/map.h:23:8:V& pyro::map_t<K, V>::operator[](const K&) [with K = long unsigned int; V = pyro::can_msg_buffer_t*]	24	static
E:/Develop/a_PYRo/PYRo-wl/PYRo-wl_2027/PYRo-wl_2027/PYRo/Core/ETL/map.h:63:10:bool pyro::map_t<K, V>::exist(const K&) [with K = FDCAN_HandleTypeDef*; V = pyro::can_drv_t*]	16	static
E:/Develop/a_PYRo/PYRo-wl/PYRo-wl_2027/PYRo-wl_2027/PYRo/Core/ETL/map.h:52:9:int pyro::map_t<K, V>::find(const K&) [with K = FDCAN_HandleTypeDef*; V = pyro::can_drv_t*]	32	static
E:/Develop/arm_gnu/14.3 rel1/arm-none-eabi/include/c++/14.3.1/array:206:7:constexpr std::array<_Tp, _Nm>::value_type& std::array<_Tp, _Nm>::operator[](size_type) [with _Tp = pyro::can_drv_t*; unsigned int _Nm = 10]	16	static
E:/Develop/arm_gnu/14.3 rel1/arm-none-eabi/include/c++/14.3.1/array:206:7:constexpr std::array<_Tp, _Nm>::value_type& std::array<_Tp, _Nm>::operator[](size_type) [with _Tp = FDCAN_HandleTypeDef*; unsigned int _Nm = 10]	16	static
E:/Develop/a_PYRo/PYRo-wl/PYRo-wl_2027/PYRo-wl_2027/PYRo/Core/ETL/map.h:52:9:int pyro::map_t<K, V>::find(const K&) [with K = long unsigned int; V = pyro::can_msg_buffer_t*]	32	static
E:/Develop/arm_gnu/14.3 rel1/arm-none-eabi/include/c++/14.3.1/array:206:7:constexpr std::array<_Tp, _Nm>::value_type& std::array<_Tp, _Nm>::operator[](size_type) [with _Tp = pyro::can_msg_buffer_t*; unsigned int _Nm = 10]	16	static
E:/Develop/arm_gnu/14.3 rel1/arm-none-eabi/include/c++/14.3.1/array:206:7:constexpr std::array<_Tp, _Nm>::value_type& std::array<_Tp, _Nm>::operator[](size_type) [with _Tp = long unsigned int; unsigned int _Nm = 10]	16	static
