E:/Develop/arm_gnu/14.3 rel1/arm-none-eabi/include/c++/14.3.1/bits/std_abs.h:75:3:constexpr float std::abs(float)	16	static
E:/Develop/arm_gnu/14.3 rel1/arm-none-eabi/include/c++/14.3.1/arm-none-eabi/thumb/v7e-m+dp/hard/bits/gthr-default.h:229:1:int __gthread_key_delete(__gthread_key_t)	16	static
E:/Develop/a_PYRo/PYRo-wl/PYRo-wl_2027/PYRo-wl_2027/PYRo/Algorithm/OLS/pyro_algo_ols.h:30:7:pyro::ols_t::~ols_t()	16	static
E:/Develop/a_PYRo/PYRo-wl/PYRo-wl_2027/PYRo-wl_2027/PYRo/Algorithm/PID/pyro_algo_pid.h:33:7:pyro::pid_t::~pid_t()	16	static
E:/Develop/a_PYRo/PYRo-wl/PYRo-wl_2027/PYRo-wl_2027/Robot/Infantry2/Chassis/fsm/pyro_wl_passive_state.cpp:29:6:virtual void pyro::wl_chassis_t::state_passive_t::enter(pyro::wl_chassis_t*)	24	static
E:/Develop/a_PYRo/PYRo-wl/PYRo-wl_2027/PYRo-wl_2027/Robot/Infantry2/Chassis/fsm/pyro_wl_passive_state.cpp:49:6:virtual void pyro::wl_chassis_t::state_passive_t::execute(pyro::wl_chassis_t*)	32	static
E:/Develop/a_PYRo/PYRo-wl/PYRo-wl_2027/PYRo-wl_2027/Robot/Infantry2/Chassis/fsm/pyro_wl_passive_state.cpp:91:6:virtual void pyro::wl_chassis_t::state_passive_t::exit(pyro::wl_chassis_t*)	16	static
E:/Develop/arm_gnu/14.3 rel1/arm-none-eabi/include/c++/14.3.1/bits/stl_vector.h:746:7:std::vector<_Tp, _Alloc>::~vector() [with _Tp = float; _Alloc = std::allocator<float>]	40	static
E:/Develop/arm_gnu/14.3 rel1/arm-none-eabi/include/c++/14.3.1/bits/stl_vector.h:135:14:std::_Vector_base<float, std::allocator<float> >::_Vector_impl::~_Vector_impl()	24	static
E:/Develop/arm_gnu/14.3 rel1/arm-none-eabi/include/c++/14.3.1/bits/stl_vector.h:369:7:std::_Vector_base<_Tp, _Alloc>::~_Vector_base() [with _Tp = float; _Alloc = std::allocator<float>]	16	static
E:/Develop/arm_gnu/14.3 rel1/arm-none-eabi/include/c++/14.3.1/bits/stl_vector.h:303:7:std::_Vector_base<_Tp, _Alloc>::_Tp_alloc_type& std::_Vector_base<_Tp, _Alloc>::_M_get_Tp_allocator() [with _Tp = float; _Alloc = std::allocator<float>]	16	static
E:/Develop/arm_gnu/14.3 rel1/arm-none-eabi/include/c++/14.3.1/bits/stl_vector.h:388:7:void std::_Vector_base<_Tp, _Alloc>::_M_deallocate(pointer, std::size_t) [with _Tp = float; _Alloc = std::allocator<float>]	40	static
E:/Develop/arm_gnu/14.3 rel1/arm-none-eabi/include/c++/14.3.1/bits/stl_construct.h:182:5:void std::_Destroy(_ForwardIterator, _ForwardIterator) [with _ForwardIterator = float*]	16	static
E:/Develop/arm_gnu/14.3 rel1/arm-none-eabi/include/c++/14.3.1/bits/new_allocator.h:104:7:std::__new_allocator<_Tp>::~__new_allocator() [with _Tp = float]	16	static
E:/Develop/arm_gnu/14.3 rel1/arm-none-eabi/include/c++/14.3.1/bits/stl_construct.h:172:9:static void std::_Destroy_aux<true>::__destroy(_ForwardIterator, _ForwardIterator) [with _ForwardIterator = float*]	16	static
E:/Develop/arm_gnu/14.3 rel1/arm-none-eabi/include/c++/14.3.1/bits/new_allocator.h:156:7:void std::__new_allocator<_Tp>::deallocate(_Tp*, size_type) [with _Tp = float]	24	static
E:/Develop/a_PYRo/PYRo-wl/PYRo-wl_2027/PYRo-wl_2027/PYRo/Core/FSM/pyro_core_fsm.h:34:13:pyro::state_t<Context>::~state_t() [with Context = pyro::wl_chassis_t]	16	static
E:/Develop/a_PYRo/PYRo-wl/PYRo-wl_2027/PYRo-wl_2027/PYRo/Core/FSM/pyro_core_fsm.h:34:13:pyro::state_t<Context>::~state_t() [with Context = pyro::wl_chassis_t]	16	static
E:/Develop/a_PYRo/PYRo-wl/PYRo-wl_2027/PYRo-wl_2027/Robot/Infantry2/Chassis/pyro_wl_chassis.h:539:11:pyro::wl_chassis_t::state_passive_t::~state_passive_t()	16	static
E:/Develop/a_PYRo/PYRo-wl/PYRo-wl_2027/PYRo-wl_2027/Robot/Infantry2/Chassis/pyro_wl_chassis.h:539:11:virtual pyro::wl_chassis_t::state_passive_t::~state_passive_t()	16	static
E:/Develop/a_PYRo/PYRo-wl/PYRo-wl_2027/PYRo-wl_2027/Robot/Infantry2/Chassis/fsm/pyro_wl_passive_state.cpp:20:7:void __tcf_0(void*)	24	static
E:/Develop/a_PYRo/PYRo-wl/PYRo-wl_2027/PYRo-wl_2027/Robot/Infantry2/Chassis/fsm/pyro_wl_passive_state.cpp:95:1:void __static_initialization_and_destruction_0()	16	static
E:/Develop/a_PYRo/PYRo-wl/PYRo-wl_2027/PYRo-wl_2027/Robot/Infantry2/Chassis/fsm/pyro_wl_passive_state.cpp:95:1:cpp)	8	static
