E:/Develop/a_PYRo/PYRo-wl/PYRo-wl_2027/PYRo-wl_2027/CubeMX/Core/Src/main.c:74:6:Relocate_Vector_And_Code_To_RAM	16	static
E:/Develop/a_PYRo/PYRo-wl/PYRo-wl_2027/PYRo-wl_2027/CubeMX/Core/Src/main.c:104:5:main	8	static
E:/Develop/a_PYRo/PYRo-wl/PYRo-wl_2027/PYRo-wl_2027/CubeMX/Core/Src/main.c:168:6:SystemClock_Config	120	static
E:/Develop/a_PYRo/PYRo-wl/PYRo-wl_2027/PYRo-wl_2027/CubeMX/Core/Src/main.c:235:6:HAL_TIM_PeriodElapsedCallback	16	static
E:/Develop/a_PYRo/PYRo-wl/PYRo-wl_2027/PYRo-wl_2027/CubeMX/Core/Src/main.c:253:6:Error_Handler	4	static
