E:/Develop/a_PYRo/PYRo-wl/PYRo-wl_2027/PYRo-wl_2027/PYRo/Component/INS/pyro_ins.h:9:8:constexpr ins_config_t::ins_config_t()	16	static
E:/Develop/a_PYRo/PYRo-wl/PYRo-wl_2027/PYRo-wl_2027/PYRo/Component/INS/pyro_ins.h:33:7:pyro::ins_drv_t::ins_drv_t()	16	static
E:/Develop/a_PYRo/PYRo-wl/PYRo-wl_2027/PYRo-wl_2027/PYRo/Component/INS/pyro_ins.cpp:17:12:static pyro::ins_drv_t* pyro::ins_drv_t::get_instance()	8	static
E:/Develop/a_PYRo/PYRo-wl/PYRo-wl_2027/PYRo-wl_2027/PYRo/Component/INS/pyro_ins.cpp:25:10:pyro::status_t pyro::ins_drv_t::init(const ins_config_t&)	56	static
E:/Develop/a_PYRo/PYRo-wl/PYRo-wl_2027/PYRo-wl_2027/PYRo/Component/INS/pyro_ins.cpp:101:6:static void pyro::ins_drv_t::__static_ins_task(void*)	16	static
E:/Develop/a_PYRo/PYRo-wl/PYRo-wl_2027/PYRo-wl_2027/PYRo/Component/INS/pyro_ins.cpp:106:6:void pyro::ins_drv_t::__ins_task()	16	static
E:/Develop/a_PYRo/PYRo-wl/PYRo-wl_2027/PYRo-wl_2027/PYRo/Component/INS/pyro_ins.cpp:162:10:pyro::status_t pyro::ins_drv_t::get_angles_b(float*, float*, float*)	24	static
E:/Develop/a_PYRo/PYRo-wl/PYRo-wl_2027/PYRo-wl_2027/PYRo/Component/INS/pyro_ins.cpp:174:10:pyro::status_t pyro::ins_drv_t::get_angles_n(float*, float*, float*)	24	static
E:/Develop/a_PYRo/PYRo-wl/PYRo-wl_2027/PYRo-wl_2027/PYRo/Component/INS/pyro_ins.cpp:186:10:pyro::status_t pyro::ins_drv_t::get_rads_b(float*, float*, float*)	24	static
E:/Develop/a_PYRo/PYRo-wl/PYRo-wl_2027/PYRo-wl_2027/PYRo/Component/INS/pyro_ins.cpp:199:10:pyro::status_t pyro::ins_drv_t::get_rads_n(float*, float*, float*)	24	static
E:/Develop/a_PYRo/PYRo-wl/PYRo-wl_2027/PYRo-wl_2027/PYRo/Component/INS/pyro_ins.cpp:212:10:pyro::status_t pyro::ins_drv_t::get_gyro_b(float*, float*, float*)	24	static
E:/Develop/a_PYRo/PYRo-wl/PYRo-wl_2027/PYRo-wl_2027/PYRo/Component/INS/pyro_ins.cpp:224:10:pyro::status_t pyro::ins_drv_t::get_gyro_n(float*, float*, float*)	24	static
E:/Develop/a_PYRo/PYRo-wl/PYRo-wl_2027/PYRo-wl_2027/PYRo/Component/INS/pyro_ins.cpp:236:10:pyro::status_t pyro::ins_drv_t::get_accel_b(float*, float*, float*)	24	static
E:/Develop/a_PYRo/PYRo-wl/PYRo-wl_2027/PYRo-wl_2027/PYRo/Component/INS/pyro_ins.cpp:248:10:pyro::status_t pyro::ins_drv_t::get_accel_n(float*, float*, float*)	24	static
E:/Develop/a_PYRo/PYRo-wl/PYRo-wl_2027/PYRo-wl_2027/PYRo/Component/INS/pyro_ins.cpp:260:10:pyro::status_t pyro::ins_drv_t::get_quaternion(float*, float*, float*, float*)	24	static
